nohup: ignoring input
repo    = /home/jb3879/Factor_Trace
python  = /home/jb3879/Factor_Trace/.venv2/bin/python
threads = 4 (of 4 cores)   mode = cluster   device = cpu

  imagenet_cnn: prior data/results/nb09_imagenet_cnn.json
      sections=['S1', 'S2', 'S2b', 'S3', 'S4', 'S5', 'S7', 'FU1', 'FU2']
      sweep: 5 config(s) scored, complete=False, final_hp=NO

=== [2026-07-22 17:26:55] imagenet_cnn -> logs/nb10_imagenet_cnn.log
exec-ing 3 setup cells from 09_validation_all_models.ipynb (this builds the base tree — the single fixed cost of a launch) …
/home/jb3879/Factor_Trace/.venv2/lib64/python3.9/site-packages/networkx/utils/backends.py:135: RuntimeWarning: networkx backend defined more than once: nx-loopback
  backends.update(_get_backends("networkx.backends"))
EXP=imagenet_cnn  MODE=cluster  DEVICE=cpu  N_TRACE=None
  built: n_samples=400  n_classes=8
  caps={'recon': False, 'roundtrip': True, 'ablation': False, 'attribution': True, 'bft_pixel': False, 'multi_seed': False}

nb10  EXP=imagenet_cnn  MODE=cluster  n_samples=400  max_iter=500  n_jobs=4
  -> data/results/nb10_imagenet_cnn.json
prior : data/results/nb09_imagenet_cnn.json
        sections=['S1', 'S2', 'S2b', 'S3', 'S4', 'S5', 'S7', 'FU1', 'FU2']  n=400

rank profiles : {'default': [4, 2, 1, 1, 2, 1, 4, 4, 4, 8], 'K@R2.90': [5, 2, 2, 1, 4, 2, 4, 4, 7, 8], 'K@R2.95': [5, 4, 5, 3, 2, 7, 4, 4, 4, 8], 'rank x0.7': [3, 1, 1, 1, 1, 1, 3, 3, 3, 6], 'rank x1.3': [5, 3, 1, 1, 3, 1, 5, 5, 5, 10]}
thresholds    : [0.0, 0.3]   (incumbent: thr=0.0)

grid (6 configs):
  thr=0.0          nb09   sil=0.3622 knn=0.9402 stab=0.844 dim=223
  thr=0.3          nb09   sil=0.3479 knn=0.9477 stab=0.876 dim=213
  rank=K@R2.90     nb09   sil=0.3635 knn=0.9402 stab=0.847 dim=230
  rank=K@R2.95     nb09   sil=0.3614 knn=0.9377 stab=0.844 dim=230
  rank=rank x0.7   nb09   sil=0.2942 knn=0.8776 stab=0.769 dim=178
  rank=rank x1.3   MISSING — to run —

1 configuration(s) to run: ['rank=rank x1.3']
scoring the base tree as thr=0.0 (already built by §0, no refit) …
  thr=0.0          sil=0.3622 knn=0.9402 stab=0.844 medR2=n/a dim=223  3182s
  reproducibility vs prior run: 0.3622 -> 0.3622  (delta +0.0000)
  rank=rank x1.3   sil=0.4112 knn=0.9501 stab=0.886 medR2=n/a dim=234  10894s
  [checkpoint]  -> data/results/nb10_imagenet_cnn.json (0 sections)
  [checkpoint] sweep -> data/results/nb10_imagenet_cnn.json (1 sections)

sweep complete: True  (6/6 configs)
contenders: ['rank=rank x1.3', 'rank=K@R2.90', 'thr=0.0']
refits needed: ['rank=K@R2.90']
  rank=K@R2.90     sil=0.3635 knn=0.9402 stab=0.847 medR2=n/a dim=230  10746s
    reproduces 0.3635 -> 0.3635 (+0.0000)
  [checkpoint]  -> data/results/nb10_imagenet_cnn.json (1 sections)
  [checkpoint] refits -> data/results/nb10_imagenet_cnn.json (2 sections)
1000 paired subsamples of 320/400 stimuli (80%, class-stratified) …
  rank=rank x1.3   scored
  rank=K@R2.90     scored
  thr=0.0          scored

paired against the incumbent (thr=0.0):
  config           silhouette [95% CI]    delta [95% CI]           P(best)
  rank=rank x1.3   0.4112 [0.3986, 0.4240]  +0.0489 [+0.0437, +0.0543]  1.00  *separated*
  rank=K@R2.90     0.3635 [0.3518, 0.3765]  +0.0013 [+0.0008, +0.0017]  0.00  *separated*
  thr=0.0          0.3622 [0.3504, 0.3752]  +0.0000 [+0.0000, +0.0000]  0.00
  [checkpoint] bootstrap -> data/results/nb10_imagenet_cnn.json (3 sections)
  saved figs/10_final_settings/imagenet_cnn/fig_nb10_bootstrap.pdf
  [checkpoint] bootstrap -> data/results/nb10_imagenet_cnn.json (3 sections)
SELECTED: rank=rank x1.3   (rule: max silhouette within 0.05 of the best median-node causal R2)
  silhouette 0.4112   dim 234   stability 0.886   medianR2 n/a
  NOTE: no causal R2 in this architecture (layer-dict trace) => the faithfulness gate is vacuous. Selected on clustering and stability alone.
  vs incumbent thr=0.0: delta +0.0489 [+0.0437, +0.0543] -> a real margin
  [checkpoint] final_hp -> data/results/nb10_imagenet_cnn.json (4 sections)
model-seed repeats skipped — 1 checkpoint(s) on disk. The §4 stimulus interval is the only error bar available for this experiment.
  [checkpoint] seed_repeats -> data/results/nb10_imagenet_cnn.json (5 sections)
==============================================================================
imagenet_cnn -> nb05 — 05_imagenet_cnn.ipynb
==============================================================================
K_MAX             = [5, 3, 1, 1, 3, 1, 5, 5, 5, 10]
N_BRANCHES        = [1, 1, 1, 1, 1, 1, 1, 1, 2, 5]
POOL_METHOD       = 'avg'
STIM_THRESHOLD    = 0.0

# NOTE _auto_k_factorize floors k_max at 2 (src/bft.py), so this EXECUTES as [5, 3, 2, 2, 3, 2, 5, 5, 5, 10].
#      Write the floored profile into the notebook — it is what actually runs.
# selected: rank=rank x1.3  |  grid complete: True
# silhouette 0.4112  |  80% subsample mean 0.4112 [0.3986, 0.4240]  |  fingerprint 234 dims  |  stability 0.886
# no causal reconstruction in this architecture — faithfulness gate vacuous
==============================================================================

full record : data/results/nb10_imagenet_cnn.json
fingerprints: data/results/nb10_imagenet_cnn_fingerprints/  (3 matrices — re-scoring never needs a refit again)
  [checkpoint] DONE -> data/results/nb10_imagenet_cnn.json (6 sections)
    [2026-07-23 02:18:49] OK -> data/results/nb10_imagenet_cnn.json

=== summary ===
  passed (1): imagenet_cnn
  failed (0): none

  imagenet_cnn  (grid complete: True)
    selected : rank=rank x1.3
    settings : {'k_max': [5, 3, 1, 1, 3, 1, 5, 5, 5, 10], 'n_branches': [1, 1, 1, 1, 1, 1, 1, 1, 2, 5], 'conv_pool_method': 'avg', 'stimulus_threshold': 0.0, 'weighting': 'img_selectivity', 'normalization': 'none'}
    vs incumbent: a real margin

  Paste the settings into the matching notebook (nb03 / nb05) and update
  PUBLICATION_SETTINGS.md. Full record: data/results/nb10_<EXP>.json
